// Jest Snapshot v1, https://goo.gl/fbAQLP

exports[`Pruebas en <PrimeraApp/> Debe mostrar el mensaje, Hola Soy Goku 1`] = `
<Fragment>
  <h1>
     
    Hola, Soy Goku
     
  </h1>
  <p>
    Subtitulo por defecto 
  </p>
</Fragment>
`;
