// Jest Snapshot v1, https://goo.gl/fbAQLP

exports[`test to <GifGridItem /> should render correct the component 1`] = `
<div
  className="card animate__animated animate__fadeIn"
>
  <img
    alt="Un titulo"
    src="https://localhost/unaimagen.jpg"
  />
  <p>
     
    Un titulo
     
  </p>
</div>
`;
